// Jest Snapshot v1, https://goo.gl/fbAQLP

exports[`App App component should match the snapshot 1`] = `
<div
  className="App"
>
  <h1>
    Palette Picker
  </h1>
  <button>
    Generate A Palette
  </button>
  <PaletteArea />
  <PaletteForm />
  <Sidebar />
  <Error />
  <Loading />
</div>
`;
