// Jest Snapshot v1, https://goo.gl/fbAQLP

exports[`Error should match the snapshot 1`] = `
<div>
  <h2>
    Sorry! Something went wrong :( Please try again later!
  </h2>
</div>
`;
