// Jest Snapshot v1, https://goo.gl/fbAQLP

exports[`Loading should match the snapshot 1`] = `
<div>
  <h2>
    Loading a set of custom colors for you!
  </h2>
</div>
`;
